../Core/Src/main.c:122:6:sendByte	16	static
../Core/Src/main.c:132:6:HAL_UART_RxCpltCallback	16	static
../Core/Src/main.c:139:6:HAL_TIM_PeriodElapsedCallback	32	static
../Core/Src/main.c:199:6:HAL_SPI_TxCpltCallback	16	static
../Core/Src/main.c:213:5:main	8	static
../Core/Src/main.c:273:6:SystemClock_Config	88	static
../Core/Src/main.c:320:13:MX_SPI1_Init	8	static
../Core/Src/main.c:358:13:MX_TIM2_Init	64	static
../Core/Src/main.c:417:13:MX_TIM3_Init	32	static
../Core/Src/main.c:462:13:MX_TIM4_Init	32	static
../Core/Src/main.c:507:13:MX_TIM5_Init	32	static
../Core/Src/main.c:552:13:MX_USART1_UART_Init	8	static
../Core/Src/main.c:585:13:MX_USART2_UART_Init	8	static
../Core/Src/main.c:616:13:MX_DMA_Init	16	static
../Core/Src/main.c:634:13:MX_GPIO_Init	48	static
../Core/Src/main.c:686:6:Error_Handler	4	static,ignoring_inline_asm
