../Core/Src/main.c:85:6:HAL_ADC_ConvCpltCallback	80	static
../Core/Src/main.c:97:6:sendToTerminal	16	static
../Core/Src/main.c:110:6:HAL_TIM_PeriodElapsedCallback	24	static
../Core/Src/main.c:139:5:main	8	static
../Core/Src/main.c:191:6:SystemClock_Config	88	static
../Core/Src/main.c:238:13:MX_ADC1_Init	24	static
../Core/Src/main.c:308:13:MX_TIM2_Init	32	static
../Core/Src/main.c:353:13:MX_TIM3_Init	32	static
../Core/Src/main.c:398:13:MX_USART2_UART_Init	8	static
../Core/Src/main.c:429:13:MX_DMA_Init	16	static
../Core/Src/main.c:451:13:MX_GPIO_Init	48	static
../Core/Src/main.c:503:6:Error_Handler	4	static,ignoring_inline_asm
