../Core/Src/main.c:90:6:HAL_ADC_ConvCpltCallback	24	static
../Core/Src/main.c:102:6:HAL_TIM_PeriodElapsedCallback	16	static
../Core/Src/main.c:110:6:HAL_SPI_TxCpltCallback	16	static
../Core/Src/main.c:125:5:main	8	static
../Core/Src/main.c:178:6:SystemClock_Config	88	static
../Core/Src/main.c:225:13:MX_ADC1_Init	24	static
../Core/Src/main.c:277:13:MX_SPI1_Init	8	static
../Core/Src/main.c:315:13:MX_TIM2_Init	32	static
../Core/Src/main.c:360:13:MX_TIM3_Init	32	static
../Core/Src/main.c:405:13:MX_USART2_UART_Init	8	static
../Core/Src/main.c:436:13:MX_DMA_Init	16	static
../Core/Src/main.c:457:13:MX_GPIO_Init	48	static
../Core/Src/main.c:499:6:Error_Handler	4	static,ignoring_inline_asm
