../Core/Src/main.c:102:6:playSong	16	static
../Core/Src/main.c:124:6:HAL_ADC_ConvCpltCallback	56	static
../Core/Src/main.c:156:5:main	8	static
../Core/Src/main.c:213:6:SystemClock_Config	88	static
../Core/Src/main.c:260:13:MX_ADC1_Init	24	static
../Core/Src/main.c:312:13:MX_TIM1_Init	96	static
../Core/Src/main.c:387:13:MX_TIM2_Init	32	static
../Core/Src/main.c:432:13:MX_USART2_UART_Init	8	static
../Core/Src/main.c:463:13:MX_DMA_Init	16	static
../Core/Src/main.c:481:13:MX_GPIO_Init	48	static
../Core/Src/main.c:536:6:Error_Handler	4	static,ignoring_inline_asm
