19:33:10 **** Incremental Build of configuration Debug for project ADC_KeyControl ****
make -j4 all 
arm-none-eabi-gcc "../Core/Src/main.c" -mcpu=cortex-m4 -std=gnu11 -g3 -DDEBUG -DUSE_HAL_DRIVER -DSTM32F401xE -c -I../Core/Inc -I../Drivers/STM32F4xx_HAL_Driver/Inc -I../Drivers/STM32F4xx_HAL_Driver/Inc/Legacy -I../Drivers/CMSIS/Device/ST/STM32F4xx/Include -I../Drivers/CMSIS/Include -O0 -ffunction-sections -fdata-sections -Wall -fstack-usage -fcyclomatic-complexity -MMD -MP -MF"Core/Src/main.d" -MT"Core/Src/main.o" --specs=nano.specs -mfpu=fpv4-sp-d16 -mfloat-abi=hard -mthumb -o "Core/Src/main.o"
../Core/Src/main.c: In function 'main':
../Core/Src/main.c:170:29: warning: passing argument 2 of 'HAL_ADC_Start_DMA' from incompatible pointer type [-Wincompatible-pointer-types]
  170 |   HAL_ADC_Start_DMA(&hadc1, adc_dma_buffer, 3);
      |                             ^~~~~~~~~~~~~~
      |                             |
      |                             uint16_t * {aka short unsigned int *}
In file included from ../Core/Inc/stm32f4xx_hal_conf.h:295,
                 from ../Drivers/STM32F4xx_HAL_Driver/Inc/stm32f4xx_hal.h:29,
                 from ../Core/Inc/main.h:30,
                 from ../Core/Src/main.c:20:
../Drivers/STM32F4xx_HAL_Driver/Inc/stm32f4xx_hal_adc.h:594:72: note: expected 'uint32_t *' {aka 'long unsigned int *'} but argument is of type 'uint16_t *' {aka 'short unsigned int *'}
  594 | HAL_StatusTypeDef HAL_ADC_Start_DMA(ADC_HandleTypeDef *hadc, uint32_t *pData, uint32_t Length);
      |                                                              ~~~~~~~~~~^~~~~
arm-none-eabi-gcc -o "ADC_KeyControl.elf" @"objects.list"   -mcpu=cortex-m4 -T"C:\Users\MMK\STM32CubeIDE\workspace_1.19.0\SensorSystemsLabs\ADC_KeyControl\STM32F401RETX_FLASH.ld" --specs=nosys.specs -Wl,-Map="ADC_KeyControl.map" -Wl,--gc-sections -static --specs=nano.specs -mfpu=fpv4-sp-d16 -mfloat-abi=hard -mthumb -u _printf_float -Wl,--start-group -lc -lm -Wl,--end-group
Finished building target: ADC_KeyControl.elf
 
arm-none-eabi-size  ADC_KeyControl.elf 
arm-none-eabi-objdump -h -S ADC_KeyControl.elf  > "ADC_KeyControl.list"
   text	   data	    bss	    dec	    hex	filename
  34464	    472	   2576	  37512	   9288	ADC_KeyControl.elf
Finished building: default.size.stdout
 
Finished building: ADC_KeyControl.list
 

19:33:12 Build Finished. 0 errors, 1 warnings. (took 1s.355ms)

